// Jest Snapshot v1, https://goo.gl/fbAQLP

exports[`HomeContainer matches snapshot 1`] = `<_default />`;
