// Jest Snapshot v1, https://goo.gl/fbAQLP

exports[`LandingContainer matches snapshot 1`] = `<_default />`;
