// Jest Snapshot v1, https://goo.gl/fbAQLP

exports[`TabLink matches snapshot 1`] = `
<a
  onClick={[Function]}
/>
`;
