// Jest Snapshot v1, https://goo.gl/fbAQLP

exports[`CallbackPage matches snapshot 1`] = `
<span>
  Loading info...
</span>
`;
