// Jest Snapshot v1, https://goo.gl/fbAQLP

exports[`HomePage matches snapshot 1`] = `
<div
  className="home"
>
  <h1>
    TIGRIS
  </h1>
</div>
`;
