// Jest Snapshot v1, https://goo.gl/fbAQLP

exports[`App matches snapshot 1`] = `
<BrowserRouter>
  <div>
    <_default />
    <div>
      <Route
        component={[Function]}
        exact={true}
        path="/"
      />
    </div>
  </div>
</BrowserRouter>
`;
